// Jest Snapshot v1, https://goo.gl/fbAQLP

exports[`renders pages histogram correctly 1`] = `[Function]`;

exports[`renders posts histogram correctly 1`] = `[Function]`;
